AR mpu behavioral "C:/Users/7181462/Google Drive/School/CENG342/MIPSprocess/MIPS_Processor/MPU.vhd" sub00/vhpl01 1461343909
PB type_definitions type_definitions "C:/Users/7181462/Google Drive/School/CENG342/MIPSprocess/MIPS_Processor/type_definitions.vhd" sub00/vhpl03 1461344240
PH type_definitions NULL "C:/Users/7181462/Google Drive/School/CENG342/MIPSprocess/MIPS_Processor/type_definitions.vhd" sub00/vhpl02 1461344239
EN mpu NULL "C:/Users/7181462/Google Drive/School/CENG342/MIPSprocess/MIPS_Processor/MPU.vhd" sub00/vhpl00 1461344241
