AR mpu behavioral "C:/Users/7181462/Google Drive/School/CENG342/MIPSprocess/MIPS_Processor/MPU.vhd" sub00/vhpl01 1461601747
PB type_definitions type_definitions "C:/Users/7181462/Google Drive/School/CENG342/MIPSprocess/MIPS_Processor/type_definitions.vhd" sub00/vhpl03 1461344240
PH type_definitions NULL "C:/Users/7181462/Google Drive/School/CENG342/MIPSprocess/MIPS_Processor/type_definitions.vhd" sub00/vhpl02 1461344239
EN mpu NULL "C:/Users/7181462/Google Drive/School/CENG342/MIPSprocess/MIPS_Processor/MPU.vhd" sub00/vhpl00 1461601746
PB types types "C:/Users/7181462/Google Drive/School/CENG342/MIPSprocess/MIPS_Processor/type_file.vhd" sub00/vhpl05 1461602393
PH types NULL "C:/Users/7181462/Google Drive/School/CENG342/MIPSprocess/MIPS_Processor/type_file.vhd" sub00/vhpl04 1461602392
AR alu behavioral "C:/Users/7181462/Google Drive/School/CENG342/MIPSprocess/MIPS_Processor/ALU.vhd" sub00/vhpl07 1461602395
EN alu NULL "C:/Users/7181462/Google Drive/School/CENG342/MIPSprocess/MIPS_Processor/ALU.vhd" sub00/vhpl06 1461602394
