AR mpu behavioral "C:/Users/7181462/Google Drive/School/CENG342/MIPSprocess/MIPS_Processor/MPU.vhd" sub00/vhpl01 1462154852
PB type_definitions type_definitions "C:/Users/7181462/Google Drive/School/CENG342/MIPSprocess/MIPS_Processor/type_definitions.vhd" sub00/vhpl03 1461344240
EN debounce NULL "C:/Users/7181462/Google Drive/School/CENG342/MIPSprocess/MIPS_Processor/debounce.vhd" sub00/vhpl08 1462154849
PH type_definitions NULL "C:/Users/7181462/Google Drive/School/CENG342/MIPSprocess/MIPS_Processor/type_definitions.vhd" sub00/vhpl02 1461344239
EN mpu NULL "C:/Users/7181462/Google Drive/School/CENG342/MIPSprocess/MIPS_Processor/MPU.vhd" sub00/vhpl00 1462154851
AR debounce behavioral "C:/Users/7181462/Google Drive/School/CENG342/MIPSprocess/MIPS_Processor/debounce.vhd" sub00/vhpl09 1462154850
PB types types "C:/Users/7181462/Google Drive/School/CENG342/MIPSprocess/MIPS_Processor/type_file.vhd" sub00/vhpl05 1462154846
PH types NULL "C:/Users/7181462/Google Drive/School/CENG342/MIPSprocess/MIPS_Processor/type_file.vhd" sub00/vhpl04 1462154845
AR alu behavioral "C:/Users/7181462/Google Drive/School/CENG342/MIPSprocess/MIPS_Processor/ALU.vhd" sub00/vhpl07 1462154848
EN alu NULL "C:/Users/7181462/Google Drive/School/CENG342/MIPSprocess/MIPS_Processor/ALU.vhd" sub00/vhpl06 1462154847
