V3 14
FL "C:/Users/7181462/Google Drive/School/CENG342/MIPSprocess/MIPS_Processor/ALU.vhd" 2016/04/22.11:52:12 P.20131013
EN work/ALU 1461347575 \
      FL "C:/Users/7181462/Google Drive/School/CENG342/MIPSprocess/MIPS_Processor/ALU.vhd" \
      PB work/types 1461347574 PB ieee/std_logic_1164 1381692176 \
      PB ieee/NUMERIC_STD 1381692181
AR work/ALU/Behavioral 1461347576 \
      FL "C:/Users/7181462/Google Drive/School/CENG342/MIPSprocess/MIPS_Processor/ALU.vhd" \
      EN work/ALU 1461347575
FL "C:/Users/7181462/Google Drive/School/CENG342/MIPSprocess/MIPS_Processor/MPU.vhd" 2016/04/22.11:52:49 P.20131013
EN work/MPU 1461347577 \
      FL "C:/Users/7181462/Google Drive/School/CENG342/MIPSprocess/MIPS_Processor/MPU.vhd" \
      PB work/types 1461347574 PB ieee/std_logic_1164 1381692176 \
      PB ieee/NUMERIC_STD 1381692181
AR work/MPU/Behavioral 1461347578 \
      FL "C:/Users/7181462/Google Drive/School/CENG342/MIPSprocess/MIPS_Processor/MPU.vhd" \
      EN work/MPU 1461347577 AR work/ALU/Behavioral 1461347576
FL "C:/Users/7181462/Google Drive/School/CENG342/MIPSprocess/MIPS_Processor/types.vhd" 2016/04/22.11:09:33 P.20131013
FL "C:/Users/7181462/Google Drive/School/CENG342/MIPSprocess/MIPS_Processor/types_package.vhd" 2016/04/22.11:20:00 P.20131013
FL "C:/Users/7181462/Google Drive/School/CENG342/MIPSprocess/MIPS_Processor/type_definitions.vhd" 2016/04/22.10:56:12 P.20131013
PH work/type_definitions 1461344239 \
      FL "C:/Users/7181462/Google Drive/School/CENG342/MIPSprocess/MIPS_Processor/type_definitions.vhd" \
      PB ieee/std_logic_1164 1381692176
PB work/type_definitions 1461344240 \
      FL "C:/Users/7181462/Google Drive/School/CENG342/MIPSprocess/MIPS_Processor/type_definitions.vhd" \
      PH work/type_definitions 1461344239
FL "C:/Users/7181462/Google Drive/School/CENG342/MIPSprocess/MIPS_Processor/type_file.vhd" 2016/04/22.11:43:22 P.20131013
PH work/types 1461347573 \
      FL "C:/Users/7181462/Google Drive/School/CENG342/MIPSprocess/MIPS_Processor/type_file.vhd" \
      PB ieee/std_logic_1164 1381692176
PB work/types 1461347574 \
      FL "C:/Users/7181462/Google Drive/School/CENG342/MIPSprocess/MIPS_Processor/type_file.vhd" \
      PH work/types 1461347573
