V3 9
FL "C:/Users/7181462/Google Drive/School/CENG342/MIPSprocess/MIPS_Processor/ALU.vhd" 2016/04/22.10:51:01 P.20131013
EN work/ALU 0 \
      FL "C:/Users/7181462/Google Drive/School/CENG342/MIPSprocess/MIPS_Processor/ALU.vhd" \
      PB ieee/std_logic_1164 1381692176 PB ieee/NUMERIC_STD 1381692181 \
      PB work/type_definitions 1461344240
AR work/ALU/Behavioral 0 \
      FL "C:/Users/7181462/Google Drive/School/CENG342/MIPSprocess/MIPS_Processor/ALU.vhd" \
      EN work/ALU 0
FL "C:/Users/7181462/Google Drive/School/CENG342/MIPSprocess/MIPS_Processor/MPU.vhd" 2016/04/22.10:48:23 P.20131013
EN work/MPU 1461343908 \
      FL "C:/Users/7181462/Google Drive/School/CENG342/MIPSprocess/MIPS_Processor/MPU.vhd" \
      PB ieee/std_logic_1164 1381692176 PB ieee/NUMERIC_STD 1381692181 \
      PB work/type_definitions 1461344240
AR work/MPU/Behavioral 1461343909 \
      FL "C:/Users/7181462/Google Drive/School/CENG342/MIPSprocess/MIPS_Processor/MPU.vhd" \
      EN work/MPU 1461343908
FL "C:/Users/7181462/Google Drive/School/CENG342/MIPSprocess/MIPS_Processor/type_definitions.vhd" 2016/04/22.10:56:12 P.20131013
PH work/type_definitions 1461344239 \
      FL "C:/Users/7181462/Google Drive/School/CENG342/MIPSprocess/MIPS_Processor/type_definitions.vhd" \
      PB ieee/std_logic_1164 1381692176
PB work/type_definitions 1461344240 \
      FL "C:/Users/7181462/Google Drive/School/CENG342/MIPSprocess/MIPS_Processor/type_definitions.vhd" \
      PH work/type_definitions 1461344239
