V3 12
FL "D:/Users/dlangerm/Documents/Google Drive/School/CENG342/MIPSprocess/MIPS_Processor/ALU.vhd" 2016/04/30.21:10:51 P.20131013
EN work/ALU 1462074061 \
      FL "D:/Users/dlangerm/Documents/Google Drive/School/CENG342/MIPSprocess/MIPS_Processor/ALU.vhd" \
      PB work/types 1462074060 PB ieee/std_logic_1164 1381692176 \
      PB ieee/NUMERIC_STD 1381692181
AR work/ALU/Behavioral 1462074062 \
      FL "D:/Users/dlangerm/Documents/Google Drive/School/CENG342/MIPSprocess/MIPS_Processor/ALU.vhd" \
      EN work/ALU 1462074061
FL "D:/Users/dlangerm/Documents/Google Drive/School/CENG342/MIPSprocess/MIPS_Processor/debounce.vhd" 2016/04/30.21:10:51 P.20131013
EN work/debounce 1462074063 \
      FL "D:/Users/dlangerm/Documents/Google Drive/School/CENG342/MIPSprocess/MIPS_Processor/debounce.vhd" \
      PB ieee/std_logic_1164 1381692176 PB ieee/NUMERIC_STD 1381692181
AR work/debounce/Behavioral 1462074064 \
      FL "D:/Users/dlangerm/Documents/Google Drive/School/CENG342/MIPSprocess/MIPS_Processor/debounce.vhd" \
      EN work/debounce 1462074063
FL "D:/Users/dlangerm/Documents/Google Drive/School/CENG342/MIPSprocess/MIPS_Processor/MPU.vhd" 2016/04/30.21:40:56 P.20131013
EN work/MPU 1462074065 \
      FL "D:/Users/dlangerm/Documents/Google Drive/School/CENG342/MIPSprocess/MIPS_Processor/MPU.vhd" \
      PB work/types 1462074060 PB ieee/std_logic_1164 1381692176 \
      PB ieee/NUMERIC_STD 1381692181
AR work/MPU/Behavioral 1462074066 \
      FL "D:/Users/dlangerm/Documents/Google Drive/School/CENG342/MIPSprocess/MIPS_Processor/MPU.vhd" \
      EN work/MPU 1462074065 AR work/ALU/Behavioral 1462074062 \
      AR work/debounce/Behavioral 1462074064
FL "D:/Users/dlangerm/Documents/Google Drive/School/CENG342/MIPSprocess/MIPS_Processor/type_file.vhd" 2016/04/22.11:53:30 P.20131013
PH work/types 1462074059 \
      FL "D:/Users/dlangerm/Documents/Google Drive/School/CENG342/MIPSprocess/MIPS_Processor/type_file.vhd" \
      PB ieee/std_logic_1164 1381692176
PB work/types 1462074060 \
      FL "D:/Users/dlangerm/Documents/Google Drive/School/CENG342/MIPSprocess/MIPS_Processor/type_file.vhd" \
      PH work/types 1462074059
